[
  "../../protos/google/cloud/retail/v2alpha/analytics_service.proto",
  "../../protos/google/cloud/retail/v2alpha/branch.proto",
  "../../protos/google/cloud/retail/v2alpha/branch_service.proto",
  "../../protos/google/cloud/retail/v2alpha/catalog.proto",
  "../../protos/google/cloud/retail/v2alpha/catalog_service.proto",
  "../../protos/google/cloud/retail/v2alpha/common.proto",
  "../../protos/google/cloud/retail/v2alpha/completion_service.proto",
  "../../protos/google/cloud/retail/v2alpha/control.proto",
  "../../protos/google/cloud/retail/v2alpha/control_service.proto",
  "../../protos/google/cloud/retail/v2alpha/conversational_search_service.proto",
  "../../protos/google/cloud/retail/v2alpha/export_config.proto",
  "../../protos/google/cloud/retail/v2alpha/generative_question.proto",
  "../../protos/google/cloud/retail/v2alpha/generative_question_service.proto",
  "../../protos/google/cloud/retail/v2alpha/import_config.proto",
  "../../protos/google/cloud/retail/v2alpha/merchant_center_account_link.proto",
  "../../protos/google/cloud/retail/v2alpha/merchant_center_account_link_service.proto",
  "../../protos/google/cloud/retail/v2alpha/model.proto",
  "../../protos/google/cloud/retail/v2alpha/model_service.proto",
  "../../protos/google/cloud/retail/v2alpha/prediction_service.proto",
  "../../protos/google/cloud/retail/v2alpha/product.proto",
  "../../protos/google/cloud/retail/v2alpha/product_service.proto",
  "../../protos/google/cloud/retail/v2alpha/project.proto",
  "../../protos/google/cloud/retail/v2alpha/project_service.proto",
  "../../protos/google/cloud/retail/v2alpha/promotion.proto",
  "../../protos/google/cloud/retail/v2alpha/purge_config.proto",
  "../../protos/google/cloud/retail/v2alpha/search_service.proto",
  "../../protos/google/cloud/retail/v2alpha/serving_config.proto",
  "../../protos/google/cloud/retail/v2alpha/serving_config_service.proto",
  "../../protos/google/cloud/retail/v2alpha/user_event.proto",
  "../../protos/google/cloud/retail/v2alpha/user_event_service.proto"
]
