{
  "interfaces": {
    "google.cloud.kms.v1.KeyManagementService": {
      "retry_codes": {
        "non_idempotent": [],
        "idempotent": [
          "DEADLINE_EXCEEDED",
          "UNAVAILABLE"
        ]
      },
      "retry_params": {
        "default": {
          "initial_retry_delay_millis": 100,
          "retry_delay_multiplier": 1.3,
          "max_retry_delay_millis": 60000,
          "initial_rpc_timeout_millis": 60000,
          "rpc_timeout_multiplier": 1,
          "max_rpc_timeout_millis": 60000,
          "total_timeout_millis": 600000
        }
      },
      "methods": {
        "ListKeyRings": {
          "retry_codes_name": "non_idempotent",
          "retry_params_name": "default"
        },
        "ListCryptoKeys": {
          "retry_codes_name": "non_idempotent",
          "retry_params_name": "default"
        },
        "ListCryptoKeyVersions": {
          "retry_codes_name": "non_idempotent",
          "retry_params_name": "default"
        },
        "ListImportJobs": {
          "retry_codes_name": "non_idempotent",
          "retry_params_name": "default"
        },
        "GetKeyRing": {
          "retry_codes_name": "non_idempotent",
          "retry_params_name": "default"
        },
        "GetCryptoKey": {
          "retry_codes_name": "non_idempotent",
          "retry_params_name": "default"
        },
        "GetCryptoKeyVersion": {
          "retry_codes_name": "non_idempotent",
          "retry_params_name": "default"
        },
        "GetPublicKey": {
          "retry_codes_name": "non_idempotent",
          "retry_params_name": "default"
        },
        "GetImportJob": {
          "retry_codes_name": "non_idempotent",
          "retry_params_name": "default"
        },
        "CreateKeyRing": {
          "retry_codes_name": "non_idempotent",
          "retry_params_name": "default"
        },
        "CreateCryptoKey": {
          "retry_codes_name": "non_idempotent",
          "retry_params_name": "default"
        },
        "CreateCryptoKeyVersion": {
          "retry_codes_name": "non_idempotent",
          "retry_params_name": "default"
        },
        "ImportCryptoKeyVersion": {
          "retry_codes_name": "non_idempotent",
          "retry_params_name": "default"
        },
        "CreateImportJob": {
          "retry_codes_name": "non_idempotent",
          "retry_params_name": "default"
        },
        "UpdateCryptoKey": {
          "retry_codes_name": "non_idempotent",
          "retry_params_name": "default"
        },
        "UpdateCryptoKeyVersion": {
          "retry_codes_name": "non_idempotent",
          "retry_params_name": "default"
        },
        "Encrypt": {
          "retry_codes_name": "non_idempotent",
          "retry_params_name": "default"
        },
        "Decrypt": {
          "retry_codes_name": "non_idempotent",
          "retry_params_name": "default"
        },
        "AsymmetricSign": {
          "retry_codes_name": "non_idempotent",
          "retry_params_name": "default"
        },
        "AsymmetricDecrypt": {
          "retry_codes_name": "non_idempotent",
          "retry_params_name": "default"
        },
        "UpdateCryptoKeyPrimaryVersion": {
          "retry_codes_name": "non_idempotent",
          "retry_params_name": "default"
        },
        "DestroyCryptoKeyVersion": {
          "retry_codes_name": "non_idempotent",
          "retry_params_name": "default"
        },
        "RestoreCryptoKeyVersion": {
          "retry_codes_name": "non_idempotent",
          "retry_params_name": "default"
        }
      }
    }
  }
}
