[
  "../../protos/google/cloud/bigquery/v2/biglake_config.proto",
  "../../protos/google/cloud/bigquery/v2/clustering.proto",
  "../../protos/google/cloud/bigquery/v2/data_format_options.proto",
  "../../protos/google/cloud/bigquery/v2/dataset.proto",
  "../../protos/google/cloud/bigquery/v2/dataset_reference.proto",
  "../../protos/google/cloud/bigquery/v2/decimal_target_types.proto",
  "../../protos/google/cloud/bigquery/v2/encryption_config.proto",
  "../../protos/google/cloud/bigquery/v2/error.proto",
  "../../protos/google/cloud/bigquery/v2/external_catalog_dataset_options.proto",
  "../../protos/google/cloud/bigquery/v2/external_catalog_table_options.proto",
  "../../protos/google/cloud/bigquery/v2/external_data_config.proto",
  "../../protos/google/cloud/bigquery/v2/external_dataset_reference.proto",
  "../../protos/google/cloud/bigquery/v2/file_set_specification_type.proto",
  "../../protos/google/cloud/bigquery/v2/hive_partitioning.proto",
  "../../protos/google/cloud/bigquery/v2/job.proto",
  "../../protos/google/cloud/bigquery/v2/job_config.proto",
  "../../protos/google/cloud/bigquery/v2/job_creation_reason.proto",
  "../../protos/google/cloud/bigquery/v2/job_reference.proto",
  "../../protos/google/cloud/bigquery/v2/job_stats.proto",
  "../../protos/google/cloud/bigquery/v2/job_status.proto",
  "../../protos/google/cloud/bigquery/v2/json_extension.proto",
  "../../protos/google/cloud/bigquery/v2/location_metadata.proto",
  "../../protos/google/cloud/bigquery/v2/map_target_type.proto",
  "../../protos/google/cloud/bigquery/v2/model.proto",
  "../../protos/google/cloud/bigquery/v2/model_reference.proto",
  "../../protos/google/cloud/bigquery/v2/partitioning_definition.proto",
  "../../protos/google/cloud/bigquery/v2/privacy_policy.proto",
  "../../protos/google/cloud/bigquery/v2/project.proto",
  "../../protos/google/cloud/bigquery/v2/query_parameter.proto",
  "../../protos/google/cloud/bigquery/v2/range_partitioning.proto",
  "../../protos/google/cloud/bigquery/v2/restriction_config.proto",
  "../../protos/google/cloud/bigquery/v2/routine.proto",
  "../../protos/google/cloud/bigquery/v2/routine_reference.proto",
  "../../protos/google/cloud/bigquery/v2/row_access_policy.proto",
  "../../protos/google/cloud/bigquery/v2/row_access_policy_reference.proto",
  "../../protos/google/cloud/bigquery/v2/session_info.proto",
  "../../protos/google/cloud/bigquery/v2/standard_sql.proto",
  "../../protos/google/cloud/bigquery/v2/system_variable.proto",
  "../../protos/google/cloud/bigquery/v2/table.proto",
  "../../protos/google/cloud/bigquery/v2/table_constraints.proto",
  "../../protos/google/cloud/bigquery/v2/table_reference.proto",
  "../../protos/google/cloud/bigquery/v2/table_schema.proto",
  "../../protos/google/cloud/bigquery/v2/time_partitioning.proto",
  "../../protos/google/cloud/bigquery/v2/udf_resource.proto"
]
